1>2>3>4>No hay una cronologÃ­a para estas restricciones.
5>Fin.
